<h1>Themeswitcher 1.0beta4</h1>
<div>
    <h2>System check</h2>
    <p class="xh_fail">PHP version is at least 5.4.0: failure</p>
    <p class="xh_fail">CMSimple_XH version is at least 1.6.3: failure</p>
    <p class="xh_warning">'./plugins/themeswitcher/config/' is writable: warning</p>
    <p class="xh_warning">'./plugins/themeswitcher/css/' is writable: warning</p>
    <p class="xh_warning">'./plugins/themeswitcher/languages/' is writable: warning</p>
</div>
